// Jest Snapshot v1, https://goo.gl/fbAQLP

exports[`LemmaReferenceModal renders correctly 1`] = `
<div
  className="reference-modal"
  style={
    Object {
      "left": 1,
      "top": 1,
    }
  }
>
  <article
    className="comment	lemma-comment paper-shadow "
  >
    <div
      className="reference-text"
    />
    <div
      className="edition-tabs tabs"
    />
    <div
      className="meta-tabs tabs"
    />
    <i
      className="mdi mdi-close paper-shadow"
      onClick={[Function]}
    />
  </article>
</div>
`;
