// Jest Snapshot v1, https://goo.gl/fbAQLP

exports[`LemmaReferenceModal renders correctly 1`] = `
<div
  className="reference-modal react-draggable"
  onMouseDown={[Function]}
  onMouseUp={[Function]}
  onTouchEnd={[Function]}
  onTouchStart={[Function]}
  style={
    Object {
      "left": 1,
      "top": 1,
      "touchAction": "none",
      "transform": "translate(0px,0px)",
    }
  }
  transform={null}
>
  <article
    className="comment	lemma-comment paper-shadow "
  >
    <div
      className="reference-text"
    >
      <div
        className="loading-mock lemma-filler lemma-filler-1"
      />
      <div
        className="loading-mock lemma-filler lemma-filler-2"
      />
    </div>
    <div
      className="edition-tabs tabs"
    />
    <div
      className="meta-tabs tabs"
    />
    <i
      className="mdi mdi-close paper-shadow"
      onClick={[Function]}
    />
  </article>
</div>
`;
