// Jest Snapshot v1, https://goo.gl/fbAQLP

exports[`MasterLayout renders correctly 1`] = `
<div
  className="chs-layout master-layout"
>
  <div>
    <div
      className="md-sidenav-left"
      style={undefined}
    >
      <div
        className={undefined}
        onTouchTap={[Function]}
        style={
          Object {
            "WebkitTapHighlightColor": "rgba(0, 0, 0, 0)",
            "backgroundColor": "rgba(0, 0, 0, 0.54)",
            "height": "100%",
            "left": "-100%",
            "muiPrepared": true,
            "opacity": 0,
            "pointerEvents": "none",
            "position": "fixed",
            "top": 0,
            "transform": "translateZ(0)",
            "transition": "left 0ms cubic-bezier(0.23, 1, 0.32, 1) 400ms, opacity 400ms cubic-bezier(0.23, 1, 0.32, 1) 0ms",
            "width": "100%",
            "willChange": "opacity",
            "zIndex": 1200,
          }
        }
      />
      <div
        className={undefined}
        style={
          Object {
            "WebkitOverflowScrolling": "touch",
            "WebkitTapHighlightColor": "rgba(0,0,0,0)",
            "backgroundColor": "#ffffff",
            "borderRadius": "0px",
            "boxShadow": "0 3px 10px rgba(0, 0, 0, 0.16),
                   0 3px 10px rgba(0, 0, 0, 0.23)",
            "boxSizing": "border-box",
            "color": "rgba(0, 0, 0, 0.87)",
            "fontFamily": "Roboto, sans-serif",
            "height": "100%",
            "left": 0,
            "muiPrepared": true,
            "overflow": "auto",
            "position": "fixed",
            "top": 0,
            "transform": "translate(-266px, 0)",
            "transition": "transform 450ms cubic-bezier(0.23, 1, 0.32, 1) 0ms",
            "width": 256,
            "zIndex": 1300,
          }
        }
      >
        <div
          className="sidenav-top"
        >
          <a
            href="/profile"
          >
            <span
              className="user-fullname"
            >
              
            </span>
          </a>
        </div>
        
        <a
          className="menu-item"
          href="/"
          onClick={[Function]}
          style={
            Object {
              "display": "block",
              "fontSize": "16px",
              "padding": "15px 15px",
              "width": "100%",
            }
          }
          target={undefined}
        >
          Home
        </a>
        <hr
          style={
            Object {
              "backgroundColor": "#e0e0e0",
              "border": "none",
              "height": 1,
              "margin": 0,
              "marginLeft": 0,
              "marginTop": -1,
              "muiPrepared": true,
            }
          }
        />
        <div>
          <a
            className="menu-item"
            href="/sign-in"
            onClick={[Function]}
            style={
              Object {
                "display": "block",
                "fontSize": "16px",
                "padding": "15px 15px",
                "width": "100%",
              }
            }
            target={undefined}
          >
            Sign in
          </a>
        </div>
      </div>
    </div>
    
    <header>
      <div
        className="md-menu-toolbar"
      >
        <div
          className="toolbar-tools"
        >
          <button
            className="left-drawer-toggle"
            disabled={false}
            href={undefined}
            onBlur={[Function]}
            onClick={[Function]}
            onFocus={[Function]}
            onKeyDown={[Function]}
            onKeyUp={[Function]}
            onMouseEnter={[Function]}
            onMouseLeave={[Function]}
            onMouseOut={[Function]}
            onTouchStart={[Function]}
            onTouchTap={[Function]}
            style={
              Object {
                "WebkitTapHighlightColor": "rgba(0, 0, 0, 0)",
                "background": "none",
                "border": 10,
                "boxSizing": "border-box",
                "cursor": "pointer",
                "display": "inline-block",
                "fontFamily": "Roboto, sans-serif",
                "fontSize": 0,
                "fontWeight": "inherit",
                "height": "auto",
                "margin": "24px 20px",
                "minWidth": "none",
                "muiPrepared": true,
                "outline": "none",
                "overflow": "visible",
                "padding": "5px 10px",
                "position": "relative",
                "textDecoration": "none",
                "transition": "all 450ms cubic-bezier(0.23, 1, 0.32, 1) 0ms",
                "verticalAlign": null,
                "width": "auto",
              }
            }
            tabIndex={0}
            type="button"
          >
            <div
              onMouseDown={[Function]}
              onMouseLeave={[Function]}
              onMouseUp={[Function]}
              onTouchEnd={[Function]}
              onTouchStart={[Function]}
            >
              <span
                className="mdi mdi-menu"
                color="rgba(0, 0, 0, 0.87)"
                onMouseEnter={[Function]}
                onMouseLeave={[Function]}
                style={
                  Object {
                    "color": "rgba(0, 0, 0, 0.87)",
                    "display": "inline-block",
                    "fontSize": 24,
                    "muiPrepared": true,
                    "position": "relative",
                    "transition": "all 450ms cubic-bezier(0.23, 1, 0.32, 1) 0ms",
                    "userSelect": "none",
                  }
                }
              />
            </div>
          </button>
          <a
            className="header-home-link"
            href="/"
          >
            <h3
              className="logo"
            />
          </a>
          <div
            className="header-section-wrap nav-wrap collapse"
          >
            <div>
              <button
                className="account-button account-button-login"
                disabled={false}
                href=""
                onBlur={[Function]}
                onClick={[Function]}
                onFocus={[Function]}
                onKeyDown={[Function]}
                onKeyUp={[Function]}
                onMouseEnter={[Function]}
                onMouseLeave={[Function]}
                onTouchStart={[Function]}
                onTouchTap={[Function]}
                style={
                  Object {
                    "WebkitTapHighlightColor": "rgba(0, 0, 0, 0)",
                    "backgroundColor": "rgba(0, 0, 0, 0)",
                    "border": 10,
                    "borderRadius": 2,
                    "boxSizing": "border-box",
                    "color": "rgba(0, 0, 0, 0.87)",
                    "cursor": "pointer",
                    "display": "inline-block",
                    "fontFamily": "Roboto, sans-serif",
                    "fontSize": "inherit",
                    "fontWeight": "inherit",
                    "height": "80px",
                    "lineHeight": "36px",
                    "margin": 0,
                    "minWidth": "none",
                    "muiPrepared": true,
                    "outline": "none",
                    "overflow": "hidden",
                    "padding": "25px 5px",
                    "position": "relative",
                    "textAlign": "center",
                    "textDecoration": "none",
                    "transition": "all 450ms cubic-bezier(0.23, 1, 0.32, 1) 0ms",
                    "userSelect": "none",
                    "verticalAlign": null,
                    "width": "auto",
                  }
                }
                tabIndex={0}
                type="button"
              >
                <div
                  onMouseDown={[Function]}
                  onMouseLeave={[Function]}
                  onMouseUp={[Function]}
                  onTouchEnd={[Function]}
                  onTouchStart={[Function]}
                >
                  <span
                    style={
                      Object {
                        "fontSize": 14,
                        "fontWeight": 500,
                        "letterSpacing": 0,
                        "muiPrepared": true,
                        "paddingLeft": 16,
                        "paddingRight": 16,
                        "position": "relative",
                        "textTransform": "uppercase",
                        "verticalAlign": "middle",
                      }
                    }
                  >
                    Login
                  </span>
                </div>
              </button>
              <button
                className="account-button account-button-login"
                disabled={false}
                href=""
                onBlur={[Function]}
                onClick={[Function]}
                onFocus={[Function]}
                onKeyDown={[Function]}
                onKeyUp={[Function]}
                onMouseEnter={[Function]}
                onMouseLeave={[Function]}
                onTouchStart={[Function]}
                onTouchTap={[Function]}
                style={
                  Object {
                    "WebkitTapHighlightColor": "rgba(0, 0, 0, 0)",
                    "backgroundColor": "rgba(0, 0, 0, 0)",
                    "border": 10,
                    "borderRadius": 2,
                    "boxSizing": "border-box",
                    "color": "rgba(0, 0, 0, 0.87)",
                    "cursor": "pointer",
                    "display": "inline-block",
                    "fontFamily": "Roboto, sans-serif",
                    "fontSize": "inherit",
                    "fontWeight": "inherit",
                    "height": "80px",
                    "lineHeight": "36px",
                    "margin": 0,
                    "minWidth": "none",
                    "muiPrepared": true,
                    "outline": "none",
                    "overflow": "hidden",
                    "padding": "25px 5px",
                    "position": "relative",
                    "textAlign": "center",
                    "textDecoration": "none",
                    "transition": "all 450ms cubic-bezier(0.23, 1, 0.32, 1) 0ms",
                    "userSelect": "none",
                    "verticalAlign": null,
                    "width": "auto",
                  }
                }
                tabIndex={0}
                type="button"
              >
                <div
                  onMouseDown={[Function]}
                  onMouseLeave={[Function]}
                  onMouseUp={[Function]}
                  onTouchEnd={[Function]}
                  onTouchStart={[Function]}
                >
                  <span
                    style={
                      Object {
                        "fontSize": 14,
                        "fontWeight": 500,
                        "letterSpacing": 0,
                        "muiPrepared": true,
                        "paddingLeft": 16,
                        "paddingRight": 16,
                        "position": "relative",
                        "textTransform": "uppercase",
                        "verticalAlign": "middle",
                      }
                    }
                  >
                    Join the Community
                  </span>
                </div>
              </button>
            </div>
          </div>
        </div>
      </div>
    </header>
  </div>
  <main />
  <footer
    className="block-shadow"
  >
    <div
      className="container"
    >
      <div
        className="row footer-nav-row"
      >
        <div
          className="footer-nav-links"
          role="navigation"
        >
          
          <div>
            <a
              disabled={false}
              href="/sign-in"
              onBlur={[Function]}
              onClick={[Function]}
              onFocus={[Function]}
              onKeyDown={[Function]}
              onKeyUp={[Function]}
              onMouseEnter={[Function]}
              onMouseLeave={[Function]}
              onTouchStart={[Function]}
              onTouchTap={[Function]}
              style={
                Object {
                  "WebkitTapHighlightColor": "rgba(0, 0, 0, 0)",
                  "backgroundColor": "rgba(0, 0, 0, 0)",
                  "border": 10,
                  "borderRadius": 2,
                  "boxSizing": "border-box",
                  "color": "rgba(0, 0, 0, 0.87)",
                  "cursor": "pointer",
                  "display": "inline-block",
                  "fontFamily": "Roboto, sans-serif",
                  "fontSize": "inherit",
                  "fontWeight": "inherit",
                  "height": 36,
                  "lineHeight": "36px",
                  "margin": 0,
                  "minWidth": 88,
                  "muiPrepared": true,
                  "outline": "none",
                  "overflow": "hidden",
                  "padding": 0,
                  "position": "relative",
                  "textAlign": "center",
                  "textDecoration": "none",
                  "transition": "all 450ms cubic-bezier(0.23, 1, 0.32, 1) 0ms",
                  "userSelect": "none",
                  "verticalAlign": "middle",
                }
              }
              tabIndex={0}
            >
              <div
                onMouseDown={[Function]}
                onMouseLeave={[Function]}
                onMouseUp={[Function]}
                onTouchEnd={[Function]}
                onTouchStart={[Function]}
              >
                <span
                  style={
                    Object {
                      "fontSize": 14,
                      "fontWeight": 500,
                      "letterSpacing": 0,
                      "muiPrepared": true,
                      "paddingLeft": 16,
                      "paddingRight": 16,
                      "position": "relative",
                      "textTransform": "uppercase",
                      "verticalAlign": "middle",
                    }
                  }
                >
                  Login
                </span>
              </div>
            </a>
            <a
              disabled={false}
              href="/sign-up"
              onBlur={[Function]}
              onClick={[Function]}
              onFocus={[Function]}
              onKeyDown={[Function]}
              onKeyUp={[Function]}
              onMouseEnter={[Function]}
              onMouseLeave={[Function]}
              onTouchStart={[Function]}
              onTouchTap={[Function]}
              style={
                Object {
                  "WebkitTapHighlightColor": "rgba(0, 0, 0, 0)",
                  "backgroundColor": "rgba(0, 0, 0, 0)",
                  "border": 10,
                  "borderRadius": 2,
                  "boxSizing": "border-box",
                  "color": "rgba(0, 0, 0, 0.87)",
                  "cursor": "pointer",
                  "display": "inline-block",
                  "fontFamily": "Roboto, sans-serif",
                  "fontSize": "inherit",
                  "fontWeight": "inherit",
                  "height": 36,
                  "lineHeight": "36px",
                  "margin": 0,
                  "minWidth": 88,
                  "muiPrepared": true,
                  "outline": "none",
                  "overflow": "hidden",
                  "padding": 0,
                  "position": "relative",
                  "textAlign": "center",
                  "textDecoration": "none",
                  "transition": "all 450ms cubic-bezier(0.23, 1, 0.32, 1) 0ms",
                  "userSelect": "none",
                  "verticalAlign": "middle",
                }
              }
              tabIndex={0}
            >
              <div
                onMouseDown={[Function]}
                onMouseLeave={[Function]}
                onMouseUp={[Function]}
                onTouchEnd={[Function]}
                onTouchStart={[Function]}
              >
                <span
                  style={
                    Object {
                      "fontSize": 14,
                      "fontWeight": 500,
                      "letterSpacing": 0,
                      "muiPrepared": true,
                      "paddingLeft": 16,
                      "paddingRight": 16,
                      "position": "relative",
                      "textTransform": "uppercase",
                      "verticalAlign": "middle",
                    }
                  }
                >
                  Join the Community
                </span>
              </div>
            </a>
          </div>
        </div>
      </div>
      <div
        className="row mb64 mb-sm-32"
      >
        <div
          className="col-md-5 text-right text-left-xs"
        >
          <h1
            className="logo"
          />
        </div>
        <div
          className="col-md-2 hidden-sm hidden-xs text-center"
        >
          <a
            href="http://chs.harvard.edu"
            rel="noopener noreferrer"
            target="_blank"
          >
            <img
              className="site-logo"
              role="presentation"
              src="/images/logo-tower.png"
            />
          </a>
        </div>
        <div
          className="col-md-5 col-sm-6 more-info-column"
        >
          <p
            className="lead"
          >
            For more information about the Commentary or general media inquiries, please contact  
            <a
              href=""
            >
              
            </a>
            .
          </p>
          <p
            className="lead"
          >
            This website is provided by 
            <a
              href="http://chs.harvard.edu"
              rel="noopener noreferrer"
              target="_blank"
            >
              The Center for Hellenic Studies
            </a>
            .
          </p>
        </div>
      </div>
      <div
        className="row"
      >
        <div
          className="col-md-8 col-md-offset-2 col-sm-9 col-sm-offset-1 text-center"
        >
          <p
            className="fade-1-4 copyright"
          >
            . See our 
            <a
              href="/terms"
            >
              terms and privacy policy
            </a>
          </p>
        </div>
      </div>
    </div>
  </footer>
</div>
`;
