// Jest Snapshot v1, https://goo.gl/fbAQLP

exports[`KeywordTeaser renders correctly 1`] = `
<div
  className="keyword-teaser clearfix wow fadeInUp "
  data-wow-duration="0.2s"
  onClick={[Function]}
>
  <h4
    className="keyword-title"
  >
    Test
  </h4>
  <i
    className="mdi mdi-plus"
  />
  <i
    className="mdi mdi-minus"
  />
  <span
    className="keyword-comment-count"
  >
    (
     Comments)
  </span>
  <hr />
  <span
    className="keyword-description"
  >
     
    Test description
     
  </span>
  <a
    className="keyword-read-more"
    href="/tags/test"
  >
    Read more
  </a>
</div>
`;
