// Jest Snapshot v1, https://goo.gl/fbAQLP

exports[`WorkVisualization renders correctly 1`] = `
<div
  className="work-teaser work-teaser--iliad"
>
  <div
    className="commentary-text"
  >
    <a
      href="/commentary/?q=work.iliad"
    >
      <h3
        className="text-title"
      >
        Iliad
      </h3>
    </a>
    <hr
      className="text-divider"
    />
    <div
      className="text-meta"
    />
    <div
      className="text-subworks text-subworks-visualization-iliad"
    />
  </div>
</div>
`;
