// Jest Snapshot v1, https://goo.gl/fbAQLP

exports[`CommenterWorkCircle renders correctly 1`] = `
<div
  className="commenter-work-circle"
>
  <div
    className="circle-inner circle-level-0"
    onClick={[Function]}
  >
    <span
      className="work-title"
    >
      Iliad
    </span>
    <span
      className="work-count"
    >
      0
    </span>
    <div
      className="grow-border"
    />
  </div>
</div>
`;
