// Jest Snapshot v1, https://goo.gl/fbAQLP

exports[`CommenterTeaser renders correctly 1`] = `
<div
  className="commenter-teaser hvr-grow wow fadeIn"
>
  <a
    href="/commenters/test-commenter"
  >
    <div
      className="commenter-image paper-shadow"
    >
      <img
        alt="Test Commenter"
        src="/images/default_user.jpg"
      />
    </div>
  </a>
  <div
    className="commenter-teaser-text"
  >
    <a
      href="/commenters/test-commenter"
    >
      <h3>
        Test Commenter
      </h3>
    </a>
    <hr />
    <p
      className="commenter-description"
    >
      
    </p>
  </div>
</div>
`;
