// Jest Snapshot v1, https://goo.gl/fbAQLP

exports[`NotFound renders correctly 1`] = `
<div
  className="chs-layout master-layout not-found-layout"
>
  <div>
    <div
      className="md-sidenav-left"
      style={undefined}
    >
      <div
        className={undefined}
        onTouchTap={[Function]}
        style={
          Object {
            "WebkitTapHighlightColor": "rgba(0, 0, 0, 0)",
            "backgroundColor": "rgba(0, 0, 0, 0.54)",
            "height": "100%",
            "left": "-100%",
            "muiPrepared": true,
            "opacity": 0,
            "pointerEvents": "none",
            "position": "fixed",
            "top": 0,
            "transform": "translateZ(0)",
            "transition": "left 0ms cubic-bezier(0.23, 1, 0.32, 1) 400ms, opacity 400ms cubic-bezier(0.23, 1, 0.32, 1) 0ms",
            "width": "100%",
            "willChange": "opacity",
            "zIndex": 1200,
          }
        }
      />
      <div
        className={undefined}
        style={
          Object {
            "WebkitOverflowScrolling": "touch",
            "WebkitTapHighlightColor": "rgba(0,0,0,0)",
            "backgroundColor": "#ffffff",
            "borderRadius": "0px",
            "boxShadow": "0 3px 10px rgba(0, 0, 0, 0.16),
                   0 3px 10px rgba(0, 0, 0, 0.23)",
            "boxSizing": "border-box",
            "color": "rgba(0, 0, 0, 0.87)",
            "fontFamily": "Roboto, sans-serif",
            "height": "100%",
            "left": 0,
            "muiPrepared": true,
            "overflow": "auto",
            "position": "fixed",
            "top": 0,
            "transform": "translate(-266px, 0)",
            "transition": "transform 450ms cubic-bezier(0.23, 1, 0.32, 1) 0ms",
            "width": 256,
            "zIndex": 1300,
          }
        }
      >
        <div
          className="sidenav-top"
        >
          <a
            href="/profile"
          >
            <div
              className="user-image paper-shadow"
            >
              <div
                alt="icon"
                className="avatar-icon"
                style={
                  Object {
                    "backgroundImage": "url(/images/default_user.jpg)",
                  }
                }
              />
            </div>
          </a>
          <a
            href="/profile"
          >
            <span
              className="user-fullname"
            >
              
            </span>
          </a>
        </div>
        
        <a
          className="menu-item"
          href="/"
          onClick={[Function]}
          style={
            Object {
              "display": "block",
              "fontSize": "16px",
              "padding": "15px 15px",
              "width": "100%",
            }
          }
          target={undefined}
        >
          Home
        </a>
        <hr
          style={
            Object {
              "backgroundColor": "#e0e0e0",
              "border": "none",
              "height": 1,
              "margin": 0,
              "marginLeft": 0,
              "marginTop": -1,
              "muiPrepared": true,
            }
          }
        />
        <div>
          <a
            className="menu-item"
            href="/profile"
            onClick={[Function]}
            style={
              Object {
                "display": "block",
                "fontSize": "16px",
                "padding": "15px 15px",
                "width": "100%",
              }
            }
            target={undefined}
          >
            Profile
          </a>
          <a
            className="menu-item"
            href="/sign-out"
            onClick={[Function]}
            style={
              Object {
                "display": "block",
                "fontSize": "16px",
                "padding": "15px 15px",
                "width": "100%",
              }
            }
            target={undefined}
          >
            Sign out
          </a>
        </div>
      </div>
    </div>
    
    <header>
      <div
        className="md-menu-toolbar"
      >
        <div
          className="toolbar-tools"
        >
          <button
            className="left-drawer-toggle"
            disabled={false}
            href={undefined}
            onBlur={[Function]}
            onClick={[Function]}
            onFocus={[Function]}
            onKeyDown={[Function]}
            onKeyUp={[Function]}
            onMouseDown={[Function]}
            onMouseEnter={[Function]}
            onMouseLeave={[Function]}
            onMouseOut={[Function]}
            onMouseUp={[Function]}
            onTouchEnd={[Function]}
            onTouchStart={[Function]}
            onTouchTap={[Function]}
            style={
              Object {
                "WebkitTapHighlightColor": "rgba(0, 0, 0, 0)",
                "background": "none",
                "border": 10,
                "boxSizing": "border-box",
                "cursor": "pointer",
                "display": "inline-block",
                "fontFamily": "Roboto, sans-serif",
                "fontSize": 0,
                "fontWeight": "inherit",
                "height": "auto",
                "margin": "24px 20px",
                "minWidth": "none",
                "muiPrepared": true,
                "outline": "none",
                "overflow": "visible",
                "padding": "5px 10px",
                "position": "relative",
                "textDecoration": "none",
                "transform": "translate(0, 0)",
                "transition": "all 450ms cubic-bezier(0.23, 1, 0.32, 1) 0ms",
                "verticalAlign": null,
                "width": "auto",
              }
            }
            tabIndex={0}
            type="button"
          >
            <div
              onMouseDown={[Function]}
              onMouseLeave={[Function]}
              onMouseUp={[Function]}
              onTouchEnd={[Function]}
              onTouchStart={[Function]}
            >
              <span
                className="mdi mdi-menu"
                color="rgba(0, 0, 0, 0.87)"
                onMouseEnter={[Function]}
                onMouseLeave={[Function]}
                style={
                  Object {
                    "color": "rgba(0, 0, 0, 0.87)",
                    "display": "inline-block",
                    "fontSize": 24,
                    "muiPrepared": true,
                    "position": "relative",
                    "transition": "all 450ms cubic-bezier(0.23, 1, 0.32, 1) 0ms",
                    "userSelect": "none",
                  }
                }
              />
            </div>
          </button>
          <a
            className="header-home-link"
            href="/"
          >
            <h3
              className="logo"
            />
          </a>
          <div
            className="header-section-wrap nav-wrap collapse"
          >
            <div>
              <div
                className="user-header-links"
              >
                <div
                  className="profileButton"
                  onMouseLeave={undefined}
                  onMouseOver={undefined}
                >
                  <div
                    className="profileButtonAvatar"
                  >
                    <a
                      href="/profile"
                    >
                      <div
                        alt="icon"
                        className="avatar-icon"
                        style={
                          Object {
                            "backgroundImage": "url(/images/default_user.jpg)",
                          }
                        }
                      />
                    </a>
                  </div>
                  
                </div>
              </div>
            </div>
          </div>
        </div>
      </div>
    </header>
  </div>
  <div
    className="page page-not-found content primary"
  >
    <section
      className="block header header-page	cover parallax"
    >
      <div>
        <div
          className="background-image-holder blur-2--no-remove blur-10 remove-blur"
        >
          <img
            alt="A Homer Commentary in Progress - Commentator"
            className="background-image"
            src="/images/odysseus.jpg"
          />
        </div>
        <div
          className="block-screen brown"
        />
      </div>
      <div
        className="container v-align-transform"
      >
        <div
          className="grid inner"
        >
          <div
            className="center-content"
          >
            <div
              className="page-title-wrap"
            >
              <h1
                className="page-title"
              >
                ὦ Ζεῦ
                , 404 Error!
              </h1>
              <h2>
                Viewing this page is against the will of the gods
              </h2>
              <h4>
                (Or there's an error somewhere).
              </h4>
            </div>
          </div>
        </div>
      </div>
    </section>
    <section
      className="page-content container"
    >
      <p>
        Are you sure this is where you wanted to go? If not, please return to the previous page with the back button.
      </p>
      <p>
        If this is a persistent error, please send us an email at 
        <a
          href="mailto:muellner@chs.harvard.edu"
        >
          muellner@chs.harvard.edu
        </a>
         and lament your woes (hexameter preferred).
      </p>
      <p>
        Please include what paths you were wandering and what device you were using when you went astray.
      </p>
      <p>
        Many thanks,
      </p>
      <p>
        The CHS IT team
      </p>
    </section>
  </div>
</div>
`;
